<html>
<body>
<pre>
<h1>�Vision Build Log</h1>
<h2>Tool Versions:</h2>
IDE-Version: �Vision V5.36.0.0
Copyright (C) 2021 ARM Ltd and ARM Germany GmbH. All rights reserved.
License Information: sdvddssdvds vsdvds, sdvdsvdsdvsdvsd, LIC=----
 
Tool Versions:
Toolchain:       MDK-Lite  Version: 5.36.0.0
Toolchain Path:  D:\KeilC\ARM\ARMCLANG\Bin
C Compiler:      ArmClang.exe V6.16
Assembler:       Armasm.exe V6.16
Linker/Locator:  ArmLink.exe V6.16
Library Manager: ArmAr.exe V6.16
Hex Converter:   FromElf.exe V6.16
CPU DLL:         SARMCM3.DLL V5.36.0.0
Dialog DLL:      DCM.DLL V1.17.3.0
Target DLL:      STLink\ST-LINKIII-KEIL_SWO.dll V3.0.9.0
Dialog DLL:      TCM.DLL V1.53.0.0
 
<h2>Project:</h2>
F:\Do_an\Trung\finger_sensor_v2\MDK\finger_sensor.uvprojx
Project File Date:  11/21/2024

<h2>Output:</h2>
*** Using Compiler 'V6.16', folder: 'D:\KeilC\ARM\ARMCLANG\Bin'
Rebuild target 'Target 1'
assembling startup_stm32f10x_md.s...
../USER/delay.c(11): warning: implicit conversion loses integer precision: 'unsigned int' to 'u8' (aka 'unsigned char') [-Wimplicit-int-conversion]
        fac_us=SystemCoreClock/8000000;         
              ~~~~~~~~~~~~~~~~^~~~~~~~
1 warning generated.
compiling delay.c...
../USER/as608.c(38): warning: implicit conversion loses integer precision: 'u32' (aka 'unsigned int') to 'u8' (aka 'unsigned char') [-Wimplicit-int-conversion]
        MYUSART_SendData(AS608Addr >> 16);
        ~~~~~~~~~~~~~~~~ ~~~~~~~~~~^~~~~
../USER/as608.c(39): warning: implicit conversion loses integer precision: 'u32' (aka 'unsigned int') to 'u8' (aka 'unsigned char') [-Wimplicit-int-conversion]
        MYUSART_SendData(AS608Addr >> 8);
        ~~~~~~~~~~~~~~~~ ~~~~~~~~~~^~~~
../USER/as608.c(40): warning: implicit conversion loses integer precision: 'u32' (aka 'unsigned int') to 'u8' (aka 'unsigned char') [-Wimplicit-int-conversion]
        MYUSART_SendData(AS608Addr);
        ~~~~~~~~~~~~~~~~ ^~~~~~~~~
../USER/as608.c(50): warning: implicit conversion loses integer precision: 'int' to 'u8' (aka 'unsigned char') [-Wimplicit-int-conversion]
        MYUSART_SendData(length >> 8);
        ~~~~~~~~~~~~~~~~ ~~~~~~~^~~~
../USER/as608.c(51): warning: implicit conversion loses integer precision: 'int' to 'u8' (aka 'unsigned char') [-Wimplicit-int-conversion]
        MYUSART_SendData(length);
        ~~~~~~~~~~~~~~~~ ^~~~~~
../USER/as608.c(62): warning: implicit conversion loses integer precision: 'u16' (aka 'unsigned short') to 'u8' (aka 'unsigned char') [-Wimplicit-int-conversion]
        MYUSART_SendData(check);
        ~~~~~~~~~~~~~~~~ ^~~~~
../USER/as608.c(73): warning: implicit conversion loses integer precision: 'u32' (aka 'unsigned int') to 'u8' (aka 'unsigned char') [-Wimplicit-int-conversion]
        str[3] = AS608Addr >> 16;
               ~ ~~~~~~~~~~^~~~~
../USER/as608.c(74): warning: implicit conversion loses integer precision: 'u32' (aka 'unsigned int') to 'u8' (aka 'unsigned char') [-Wimplicit-int-conversion]
        str[4] = AS608Addr >> 8;
               ~ ~~~~~~~~~~^~~~
../USER/as608.c(75): warning: implicit conversion loses integer precision: 'u32' (aka 'unsigned int') to 'u8' (aka 'unsigned char') [-Wimplicit-int-conversion]
        str[5] = AS608Addr;
               ~ ^~~~~~~~~
../USER/as608.c(170): warning: implicit conversion loses integer precision: 'u16' (aka 'unsigned short') to 'u8' (aka 'unsigned char') [-Wimplicit-int-conversion]
        MYUSART_SendData(StartPage);
        ~~~~~~~~~~~~~~~~ ^~~~~~~~~
../USER/as608.c(172): warning: implicit conversion loses integer precision: 'u16' (aka 'unsigned short') to 'u8' (aka 'unsigned char') [-Wimplicit-int-conversion]
        MYUSART_SendData(PageNum);
        ~~~~~~~~~~~~~~~~ ^~~~~~~
../USER/as608.c(179): warning: implicit conversion loses integer precision: 'int' to 'u16' (aka 'unsigned short') [-Wimplicit-int-conversion]
                p->pageID = (data[10] << 8) + data[11];
                          ~ ~~~~~~~~~~~~~~~~^~~~~~~~~~
../USER/as608.c(180): warning: implicit conversion loses integer precision: 'int' to 'u16' (aka 'unsigned short') [-Wimplicit-int-conversion]
                p->mathscore = (data[12] << 8) + data[13];
                             ~ ~~~~~~~~~~~~~~~~^~~~~~~~~~
../USER/as608.c(221): warning: implicit conversion loses integer precision: 'u16' (aka 'unsigned short') to 'u8' (aka 'unsigned char') [-Wimplicit-int-conversion]
        MYUSART_SendData(PageID);
        ~~~~~~~~~~~~~~~~ ^~~~~~
../USER/as608.c(244): warning: implicit conversion loses integer precision: 'u16' (aka 'unsigned short') to 'u8' (aka 'unsigned char') [-Wimplicit-int-conversion]
        MYUSART_SendData(PageID);
        ~~~~~~~~~~~~~~~~ ^~~~~~
../USER/as608.c(246): warning: implicit conversion loses integer precision: 'u16' (aka 'unsigned short') to 'u8' (aka 'unsigned char') [-Wimplicit-int-conversion]
        MYUSART_SendData(N);
        ~~~~~~~~~~~~~~~~ ^
../USER/as608.c(318): warning: implicit conversion loses integer precision: 'int' to 'u16' (aka 'unsigned short') [-Wimplicit-int-conversion]
                p->PS_max = (data[14] << 8) + data[15];
                          ~ ~~~~~~~~~~~~~~~~^~~~~~~~~~
../USER/as608.c(320): warning: implicit conversion changes signedness: 'int' to 'u32' (aka 'unsigned int') [-Wsign-conversion]
                p->PS_addr = (data[18] << 24) + (data[19] << 16) + (data[20] << 8) + data[21];
                           ~ ~~~~~~~~~~~~~~~~~~~~~~~~~~~~~~~~~~~~~~~~~~~~~~~~~~~~~~^~~~~~~~~~
../USER/as608.c(5): warning: In file included from...
../USER/as608.h(21): warning: padding struct 'SysPara' with 1 byte to align 'PS_addr' [-Wpadded]
u32 PS_addr;
    ^
../USER/as608.h(17): warning: padding size of 'SysPara' with 2 bytes to alignment boundary [-Wpadded]
typedef struct
        ^
../USER/as608.c(344): warning: implicit conversion loses integer precision: 'u32' (aka 'unsigned int') to 'u8' (aka 'unsigned char') [-Wimplicit-int-conversion]
        MYUSART_SendData(PS_addr >> 16);
        ~~~~~~~~~~~~~~~~ ~~~~~~~~^~~~~
../USER/as608.c(345): warning: implicit conversion loses integer precision: 'u32' (aka 'unsigned int') to 'u8' (aka 'unsigned char') [-Wimplicit-int-conversion]
        MYUSART_SendData(PS_addr >> 8);
        ~~~~~~~~~~~~~~~~ ~~~~~~~~^~~~
../USER/as608.c(346): warning: implicit conversion loses integer precision: 'u32' (aka 'unsigned int') to 'u8' (aka 'unsigned char') [-Wimplicit-int-conversion]
        MYUSART_SendData(PS_addr);
        ~~~~~~~~~~~~~~~~ ^~~~~~~
../USER/as608.c(374): warning: variable 'temp' is uninitialized when used here [-Wuninitialized]
                temp += Byte32[i];
                ^~~~
../USER/as608.c(362): note: initialize the variable 'temp' to silence this warning
        u16 temp;
                ^
                 = 0
../USER/as608.c(427): warning: implicit conversion loses integer precision: 'u16' (aka 'unsigned short') to 'u8' (aka 'unsigned char') [-Wimplicit-int-conversion]
        MYUSART_SendData(StartPage);
        ~~~~~~~~~~~~~~~~ ^~~~~~~~~
../USER/as608.c(429): warning: implicit conversion loses integer precision: 'u16' (aka 'unsigned short') to 'u8' (aka 'unsigned char') [-Wimplicit-int-conversion]
        MYUSART_SendData(PageNum);
        ~~~~~~~~~~~~~~~~ ^~~~~~~
../USER/as608.c(436): warning: implicit conversion loses integer precision: 'int' to 'u16' (aka 'unsigned short') [-Wimplicit-int-conversion]
                p->pageID = (data[10] << 8) + data[11];
                          ~ ~~~~~~~~~~~~~~~~^~~~~~~~~~
../USER/as608.c(437): warning: implicit conversion loses integer precision: 'int' to 'u16' (aka 'unsigned short') [-Wimplicit-int-conversion]
                p->mathscore = (data[12] << 8) + data[13];
                             ~ ~~~~~~~~~~~~~~~~^~~~~~~~~~
../USER/as608.c(461): warning: implicit conversion loses integer precision: 'int' to 'u16' (aka 'unsigned short') [-Wimplicit-int-conversion]
                *ValidN = (data[10] << 8) + data[11];
                        ~ ~~~~~~~~~~~~~~~~^~~~~~~~~~
../USER/as608.c(490): warning: implicit conversion changes signedness: 'int' to 'u32' (aka 'unsigned int') [-Wsign-conversion]
                        *PS_Addr = (USART2_RX_BUF[2] << 24) + (USART2_RX_BUF[3] << 16) + (USART2_RX_BUF[4] << 8) + (USART2_RX_BUF[5]);
                                 ~ ~~~~~~~~~~~~~~~~~~~~~~~~~~~~~~~~~~~~~~~~~~~~~~~~~~~~~~~~~~~~~~~~~~~~~~~~~~~~~~^~~~~~~~~~~~~~~~~~~~
30 warnings generated.
compiling as608.c...
../USER/timer.c(5): warning: no previous prototype for function 'TIM4_IRQHandler' [-Wmissing-prototypes]
void TIM4_IRQHandler(void)
     ^
../USER/timer.c(5): note: declare 'static' if the function is not intended to be used outside of this translation unit
void TIM4_IRQHandler(void)
^
static 
../USER/timer.c(1): warning: In file included from...
../USER/timer.h(3): warning: In file included from...
D:/KeilC/Keil/STM32F1xx_DFP/2.4.1/Device/Include\stm32f10x.h(8347): warning: In file included from...
./RTE/Device/STM32F103C8\stm32f10x_conf.h(87): warning: In file included from...
D:/KeilC/Keil/STM32F1xx_DFP/2.4.1/Device/StdPeriph_Driver/inc\stm32f10x_tim.h(50): warning: padding size of 'TIM_TimeBaseInitTypeDef' with 1 byte to alignment boundary [-Wpadded]
typedef struct
        ^
2 warnings generated.
compiling timer.c...
../USER/main.c(8): warning: no previous prototype for function 'Search_FR' [-Wmissing-prototypes]
void Search_FR(void) {
     ^
../USER/main.c(8): note: declare 'static' if the function is not intended to be used outside of this translation unit
void Search_FR(void) {
^
static 
../USER/main.c(38): warning: no previous prototype for function 'Delete_FR_By_ID' [-Wmissing-prototypes]
void Delete_FR_By_ID(){
     ^
../USER/main.c(38): note: declare 'static' if the function is not intended to be used outside of this translation unit
void Delete_FR_By_ID(){
^
static 
../USER/main.c(38): warning: this old-style function definition is not preceded by a prototype [-Wstrict-prototypes]
void Delete_FR_By_ID(){
                    ^
../USER/main.c(71): warning: illegal character encoding in string literal [-Winvalid-source-encoding]
    Serial_Printf("D?u v<E2>n tay d<E3> du?c luu v<E0>o PageID %d\n", PageID);
                        ^~~~       ~~~~           ~~~~
../USER/main.c(50): warning: no previous prototype for function 'PS_AddFinger' [-Wmissing-prototypes]
uint8_t PS_AddFinger(u16 PageID) {
        ^
../USER/main.c(50): note: declare 'static' if the function is not intended to be used outside of this translation unit
uint8_t PS_AddFinger(u16 PageID) {
^
static 
../USER/main.c(79): warning: implicit declaration of function 'usart2_init' is invalid in C99 [-Wimplicit-function-declaration]
        usart2_init(57600);
        ^
../USER/main.c(80): warning: unused variable 'valid' [-Wunused-variable]
        uint16_t valid;
                 ^
../USER/main.c(5): warning: unused variable 'a' [-Wunused-variable]
volatile static int a;
                    ^
8 warnings generated.
compiling main.c...
../USER/usart1.c(7): warning: no previous extern declaration for non-static variable 'rx_index' [-Wmissing-variable-declarations]
int rx_index = 0;
    ^
../USER/usart1.c(7): note: declare 'static' if the variable is not intended to be used outside of this translation unit
int rx_index = 0;
^
../USER/usart1.c(1): warning: In file included from...
../USER/usart1.h(4): warning: In file included from...
D:/KeilC/Keil/STM32F1xx_DFP/2.4.1/Device/Include\stm32f10x.h(8347): warning: In file included from...
./RTE/Device/STM32F103C8\stm32f10x_conf.h(90): warning: In file included from...
D:/KeilC/Keil/STM32F1xx_DFP/2.4.1/Device/StdPeriph_Driver/inc\stm32f10x_usart.h(49): warning: padding size of 'USART_InitTypeDef' with 2 bytes to alignment boundary [-Wpadded]
typedef struct
        ^
../USER/usart1.c(77): warning: no previous prototype for function 'Serial_Pow' [-Wmissing-prototypes]
uint32_t Serial_Pow(uint32_t X, uint32_t Y)
         ^
../USER/usart1.c(77): note: declare 'static' if the function is not intended to be used outside of this translation unit
uint32_t Serial_Pow(uint32_t X, uint32_t Y)
^
static 
../USER/usart1.c(101): warning: format string is not a string literal [-Wformat-nonliteral]
        vsnprintf(buffer, PRINTF_BUFFER_SIZE, format, args);
                                              ^~~~~~
../USER/usart1.c(118): warning: implicitly declaring library function 'malloc' with type 'void *(unsigned int)' [-Wimplicit-function-declaration]
        char *copy_buffer = (char *)malloc(BUFFER_SIZE * sizeof(char));
                                    ^
../USER/usart1.c(118): note: include the header <stdlib.h> or explicitly provide a declaration for 'malloc'
../USER/usart1.c(119): warning: implicitly declaring library function 'memcpy' with type 'void *(void *, const void *, unsigned int)' [-Wimplicit-function-declaration]
        memcpy(copy_buffer, rx_buffer, BUFFER_SIZE);
        ^
../USER/usart1.c(119): note: include the header <string.h> or explicitly provide a declaration for 'memcpy'
../USER/usart1.c(120): warning: implicitly declaring library function 'memset' with type 'void *(void *, int, unsigned int)' [-Wimplicit-function-declaration]
        memset(rx_buffer, 0, BUFFER_SIZE);
        ^
../USER/usart1.c(120): note: include the header <string.h> or explicitly provide a declaration for 'memset'
../USER/usart1.c(158): warning: implicit conversion loses integer precision: 'uint16_t' (aka 'unsigned short') to 'uint8_t' (aka 'unsigned char') [-Wimplicit-int-conversion]
                uint8_t data = USART_ReceiveData(USART1);
                        ~~~~   ^~~~~~~~~~~~~~~~~~~~~~~~~
../USER/usart1.c(153): warning: no previous prototype for function 'USART1_IRQHandler' [-Wmissing-prototypes]
void USART1_IRQHandler(void)
     ^
../USER/usart1.c(153): note: declare 'static' if the function is not intended to be used outside of this translation unit
void USART1_IRQHandler(void)
^
static 
../USER/usart1.c(4): warning: no previous extern declaration for non-static variable 'Serial_RxData' [-Wmissing-variable-declarations]
uint8_t Serial_RxData;
        ^
../USER/usart1.c(4): note: declare 'static' if the variable is not intended to be used outside of this translation unit
uint8_t Serial_RxData;
^
10 warnings generated.
compiling usart1.c...
../USER/usart2.c(37): warning: implicit conversion loses integer precision: 'uint16_t' (aka 'unsigned short') to 'u8' (aka 'unsigned char') [-Wimplicit-int-conversion]
                res = USART_ReceiveData(USART2);
                    ~ ^~~~~~~~~~~~~~~~~~~~~~~~~
../USER/usart2.c(32): warning: no previous prototype for function 'USART2_IRQHandler' [-Wmissing-prototypes]
void USART2_IRQHandler(void)
     ^
../USER/usart2.c(32): note: declare 'static' if the function is not intended to be used outside of this translation unit
void USART2_IRQHandler(void)
^
static 
../USER/usart2.c(2): warning: In file included from...
../USER/usart2.h(3): warning: In file included from...
D:/KeilC/Keil/STM32F1xx_DFP/2.4.1/Device/Include\stm32f10x.h(8347): warning: In file included from...
./RTE/Device/STM32F103C8\stm32f10x_conf.h(90): warning: In file included from...
D:/KeilC/Keil/STM32F1xx_DFP/2.4.1/Device/StdPeriph_Driver/inc\stm32f10x_usart.h(49): warning: padding size of 'USART_InitTypeDef' with 2 bytes to alignment boundary [-Wpadded]
typedef struct
        ^
../USER/usart2.c(112): warning: format string is not a string literal [-Wformat-nonliteral]
        vsprintf((char *)USART2_TX_BUF, fmt, ap);
                                        ^~~
../USER/usart2.c(114): warning: implicit conversion loses integer precision: 'unsigned int' to 'u16' (aka 'unsigned short') [-Wimplicit-int-conversion]
        i = strlen((const char *)USART2_TX_BUF); // <B4>˴η<A2><CB><CD><CA><FD><BE>ݵĳ<A4><B6><C8>
          ~ ^~~~~~~~~~~~~~~~~~~~~~~~~~~~~~~~~~~
5 warnings generated.
compiling usart2.c...
RTE/Device/STM32F103C8/system_stm32f10x.c(166): warning: no previous extern declaration for non-static variable 'AHBPrescTable' [-Wmissing-variable-declarations]
__I uint8_t AHBPrescTable[16] = {0, 0, 0, 0, 0, 0, 0, 0, 1, 2, 3, 4, 6, 7, 8, 9};
            ^
RTE/Device/STM32F103C8/system_stm32f10x.c(166): note: declare 'static' if the variable is not intended to be used outside of this translation unit
__I uint8_t AHBPrescTable[16] = {0, 0, 0, 0, 0, 0, 0, 0, 1, 2, 3, 4, 6, 7, 8, 9};
    ^
1 warning generated.
compiling system_stm32f10x.c...
D:/KeilC/Keil/STM32F1xx_DFP/2.4.1/Device/StdPeriph_Driver/src/misc.c(131): warning: implicit conversion loses integer precision: 'uint32_t' (aka 'unsigned int') to 'uint8_t' (aka 'unsigned char') [-Wimplicit-int-conversion]
    NVIC->IP[NVIC_InitStruct->NVIC_IRQChannel] = tmppriority;
                                               ~ ^~~~~~~~~~~
1 warning generated.
compiling misc.c...
compiling stm32f10x_gpio.c...
compiling stm32f10x_rcc.c...
D:/KeilC/Keil/STM32F1xx_DFP/2.4.1/Device/StdPeriph_Driver/src/stm32f10x_tim.c(22): warning: In file included from...
D:/KeilC/Keil/STM32F1xx_DFP/2.4.1/Device/StdPeriph_Driver/inc\stm32f10x_tim.h(50): warning: padding size of 'TIM_TimeBaseInitTypeDef' with 1 byte to alignment boundary [-Wpadded]
typedef struct
        ^
D:/KeilC/Keil/STM32F1xx_DFP/2.4.1/Device/StdPeriph_Driver/src/stm32f10x_tim.c(725): warning: implicit conversion loses integer precision: 'unsigned int' to 'uint16_t' (aka 'unsigned short') [-Wimplicit-int-conversion]
             TIM_BDTRInitStruct->TIM_Break | TIM_BDTRInitStruct->TIM_BreakPolarity |
             ~~~~~~~~~~~~~~~~~~~~~~~~~~~~~~~~~~~~~~~~~~~~~~~~~~~~~~~~~~~~~~~~~~~~~~^
D:/KeilC/Keil/STM32F1xx_DFP/2.4.1/Device/StdPeriph_Driver/src/stm32f10x_tim.c(1982): warning: implicit conversion loses integer precision: 'int' to 'uint16_t' (aka 'unsigned short') [-Wimplicit-int-conversion]
  tmp = CCER_CCE_Set << TIM_Channel;
      ~ ~~~~~~~~~~~~~^~~~~~~~~~~~~~
D:/KeilC/Keil/STM32F1xx_DFP/2.4.1/Device/StdPeriph_Driver/src/stm32f10x_tim.c(2012): warning: implicit conversion loses integer precision: 'int' to 'uint16_t' (aka 'unsigned short') [-Wimplicit-int-conversion]
  tmp = CCER_CCNE_Set << TIM_Channel;
      ~ ~~~~~~~~~~~~~~^~~~~~~~~~~~~~
D:/KeilC/Keil/STM32F1xx_DFP/2.4.1/Device/StdPeriph_Driver/src/stm32f10x_tim.c(2057): warning: implicit conversion loses integer precision: 'int' to 'uint16_t' (aka 'unsigned short') [-Wimplicit-int-conversion]
  tmp1 = CCER_CCE_Set << (uint16_t)TIM_Channel;
       ~ ~~~~~~~~~~~~~^~~~~~~~~~~~~~~~~~~~~~~~
5 warnings generated.
compiling stm32f10x_tim.c...
D:/KeilC/Keil/STM32F1xx_DFP/2.4.1/Device/StdPeriph_Driver/src/stm32f10x_usart.c(22): warning: In file included from...
D:/KeilC/Keil/STM32F1xx_DFP/2.4.1/Device/StdPeriph_Driver/inc\stm32f10x_usart.h(49): warning: padding size of 'USART_InitTypeDef' with 2 bytes to alignment boundary [-Wpadded]
typedef struct
        ^
D:/KeilC/Keil/STM32F1xx_DFP/2.4.1/Device/StdPeriph_Driver/src/stm32f10x_usart.c(1043): warning: implicit conversion loses integer precision: 'int' to 'uint16_t' (aka 'unsigned short') [-Wimplicit-int-conversion]
  itmask = ((uint16_t)0x01 << (uint16_t)bitpos);
         ~  ~~~~~~~~~~~~~~~^~~~~~~~~~~~~~~~~~~
2 warnings generated.
compiling stm32f10x_usart.c...
linking...
Program Size: Code=12516 RO-data=1096 RW-data=8 ZI-data=2112  
".\Objects\finger_sensor.axf" - 0 Error(s), 65 Warning(s).

<h2>Software Packages used:</h2>

Package Vendor: ARM
                http://www.keil.com/pack/ARM.CMSIS.5.8.0.pack
                ARM.CMSIS.5.8.0
                CMSIS (Common Microcontroller Software Interface Standard)
   * Component: CORE Version: 5.5.0

Package Vendor: Keil
                https://www.keil.com/pack/Keil.STM32F1xx_DFP.2.4.1.pack
                Keil.STM32F1xx_DFP.2.4.1
                STMicroelectronics STM32F1 Series Device Support, Drivers and Examples
   * Component: Startup Version: 1.0.0
   * Component: Framework Version: 3.6.0
   * Component: GPIO Version: 3.6.0
   * Component: RCC Version: 3.6.0
   * Component: TIM Version: 3.6.0
   * Component: USART Version: 3.6.0

<h2>Collection of Component include folders:</h2>
  .\RTE\Device\STM32F103C8
  .\RTE\_Target_1
  D:\KeilC\ARM\CMSIS\5.8.0\CMSIS\Core\Include
  D:\KeilC\Keil\STM32F1xx_DFP\2.4.1\Device\Include
  D:\KeilC\Keil\STM32F1xx_DFP\2.4.1\Device\StdPeriph_Driver\inc

<h2>Collection of Component Files used:</h2>

   * Component: ARM::CMSIS:CORE:5.5.0

   * Component: Keil::Device:Startup:1.0.0
      Source file:   Device\Source\system_stm32f10x.c
      Source file:   Device\Source\ARM\STM32F1xx_OPT.s
      Source file:   Device\Source\ARM\startup_stm32f10x_md.s
      Include file:  RTE_Driver\Config\RTE_Device.h

   * Component: Keil::Device:StdPeriph Drivers:Framework:3.6.0
      Source file:   Device\StdPeriph_Driver\templates\stm32f10x_conf.h
      Include file:  Device\StdPeriph_Driver\templates\stm32f10x_it.h
      Source file:   Device\StdPeriph_Driver\templates\stm32f10x_it.c
      Include file:  Device\StdPeriph_Driver\inc\misc.h
      Source file:   Device\StdPeriph_Driver\src\misc.c

   * Component: Keil::Device:StdPeriph Drivers:GPIO:3.6.0
      Source file:   Device\StdPeriph_Driver\src\stm32f10x_gpio.c
      Include file:  Device\StdPeriph_Driver\inc\stm32f10x_gpio.h

   * Component: Keil::Device:StdPeriph Drivers:RCC:3.6.0
      Include file:  Device\StdPeriph_Driver\inc\stm32f10x_rcc.h
      Source file:   Device\StdPeriph_Driver\src\stm32f10x_rcc.c

   * Component: Keil::Device:StdPeriph Drivers:TIM:3.6.0
      Include file:  Device\StdPeriph_Driver\inc\stm32f10x_tim.h
      Source file:   Device\StdPeriph_Driver\src\stm32f10x_tim.c

   * Component: Keil::Device:StdPeriph Drivers:USART:3.6.0
      Include file:  Device\StdPeriph_Driver\inc\stm32f10x_usart.h
      Source file:   Device\StdPeriph_Driver\src\stm32f10x_usart.c
Build Time Elapsed:  00:00:02
</pre>
</body>
</html>
